Filters: ~[stress]
Randomness seeded to: 1809013800
